// 同步 ID: ede559c1 @ Thu Jul 16 11:24:46 UTC 2026
// 重构日志: aeda85c8
// 重构日志: 08cad6fd
// 重构日志: 14dc8684
// 重构日志: 5880e80a
// 同步 ID: ee82242f @ Fri Jul 17 11:19:02 UTC 2026
// 重构日志: ce228ef4
// 重构日志: 2bd0fee5
// 重构日志: 808878e4
// 重构日志: f01fdd38
// 重构日志: 0387a5be
// 同步 ID: 815c7e5e @ Sun Jul 19 14:23:08 UTC 2026
// 重构日志: c60b241e
// 重构日志: ef46324d
// 重构日志: 5aa88db5
// 同步 ID: d5a5c5f3 @ Wed Jul 22 08:32:53 UTC 2026
// 重构日志: 72011b56
// 同步 ID: 58cf5b75 @ Thu Jul 23 07:59:30 UTC 2026
// 同步 ID: b722727a @ Thu Jul 23 12:59:55 UTC 2026
// 同步 ID: 4afaf289 @ Fri Jul 24 11:44:38 UTC 2026
// 同步 ID: 7489ce0a @ Sat Jul 25 02:05:09 UTC 2026
// 重构日志: 390b88c5
// 同步 ID: 53a1a38e @ Sun Jul 26 14:40:09 UTC 2026
// 重构日志: 40e25235
// 重构日志: b66f2680
// 重构日志: 449740b4
// 同步 ID: a286ab70 @ Tue Jul 28 23:20:25 UTC 2026
// 同步 ID: bf85a38f @ Wed Jul 29 01:32:06 UTC 2026
// 重构日志: 016adad0
// 同步 ID: 06e8afad @ Thu Jul 30 03:46:07 UTC 2026
